GenMC v0.19.0 (LLVM 19.1.1)
Copyright (C) 2024 MPI-SWS. All rights reserved.

*** Compilation complete.
*** Transformation complete.
Tip: Estimating state-space size before verification. For better performance, you can use --disable-estimation.
Error: Safety violation!
Event (2, 5) in graph:
<-1, 0>:
	(0, 1): THREAD_CREATE [thread 1] pthread.h:146
	(0, 2): THREAD_CREATE [thread 2] pthread.h:146
	(0, 3): BLOCK[join]
<0, 1> writer:
	(1, 1): Rrlx (L.sv, 0) [INIT] opal_model.h:87
	(1, 2): CRacq (L.sv, 0) [INIT] opal_model.h:91
	(1, 3): CWacq (L.sv, 1) opal_model.h:91
	(1, 4): Wrlx (x, 1) test_reader.c:25
	(1, 5): Wrlx (y, 1) test_reader.c:26
<0, 2> reader:
	(2, 1): Racq (L.sv, 0) [INIT] opal_model.h:136
	(2, 2): Rrlx (x, 0) [INIT] test_reader.c:49
	(2, 3): Rrlx (y, 1) [(1, 5)] test_reader.c:50
	(2, 4): Racq (L.sv, 0) [INIT] opal_model.h:146
	(2, 5): ERROR test_reader.c:52


*** Estimation unsuccessful.
Total executions estimate: 0 (+- 0)
Time to completion estimate: -nans
